[    0.00000] Intiizng cgrupubs cpet
[   00000]Iniazingcgupsusys cu[   0.00] Initializing cgroup subsys cpuacct
[    0.000000] Linux version 4.4.0-38-generic (buildd@lgw01-58) (gcc version 5.4.0 20160609 (Ubuntu 5.4.0-6ubuntu1~16.04.2) ) #57-Ubuntu SMP Tue Sep 6 15:42:33 UTC 2016 (Ubun 4.0387-neiic 4.9)
[  00000] Commad ne BOOTIME=bot/vmin-44.08-neric ooLAEL=cloumgrootfs r conoltt1 coso=tS0
  0.0000]ERL uppotecps:
[   00000]  te GnueItel
[   0.00000]  AD AuthntcA
[    0.000]  enau Cenauaus[  000000] 6/puxsteofet]: 576,ste_size2] 26
[    00000 x6/u:uppotig XVEfetu 01: '87loting pinreisters
[   .000] 6/fpuSuorting XSVE eature x0: 'SE giters'
[   .0000] x8fp Suporting SA feaure x0 'VX regier
[   0.000] x86/fpu Enbld xta fatures0x cntext izis832 te uing stdad' frm.
[   00000] 6/u:Usin 'zy FPUonxtswitchs.[    00000] e20: BIOS-provid psica R mp:
[   00000] BIOS-e820: [mem 0x0000000000000000-0x000000000009fbff] uabe[    00000 BIO-e82: em 0x0000000900x00000000ffff] rseve
[    0.00] BIOS-e80:me 0x000000f000-000000000ff] reseed
[    0.0000 BOS-e80:[mm x00000000000x00000003fefff] usale[   .000] BI-e20 [me0x00000003ff00-000000003ffff]ACPIat
[   .0000]BI-e0: [mem 0000000ffc00-x00000fffff] seved[  0.0000NX (Eecute Disable) protection: active
[    0.000000] SMBIOS 2.5 present.
[   .0000] Hpeisr detete KM
[   0.0000] e20: astpf = 0xff mx_archpf= 0x400000
[  00000]TR: Dsaed[    0.000] x86PA MRRs sabled sippg PATinitiaizti too
   00000] x86/PAT: Configuration [0-7]: WB  WT  UC- UC  W  T UC- UC [   0.000 CU MRRal blan -iruaizd ysem.
    0.000000] foundSM Mtablatmem 0x0009ff0-0x009ff mpp a[fff88009fff]   0.000] annig aras folo mmory corruption
[    0.000000] RAIS [em 0x36fc00-377f5ff
[   0.00000AC: Ear tlechecksm riicatin saed
[  00000 AI:RSDP0x00000000E00000024 (v02 VBOX  
[   00000] APIXS 0x000003FF003 003 (v0VB   VBOXS 00000 A  00006
  0.0000ACPI: AC0x000003FF0F000F4v04 VBX VBXFAC 0001 ASL  00061)  0.00000]CP: DDT0x0000003FF0470 02118 v0VBOX  OXBIO 00000002 INT 20100528)
[    0.000000] ACPI: FACS 0x000000003FFF20 00040
  0.0000AC: FA 0000000FF20 00040
[   00000]ACPI AIC0x00000003F020 005 (2 VBOX   BOAP 000000AS 00000)[    0.000]ACPI:SD 0000000FF2A0 0001CC(v0VBOX   OXPUT00002 NTL 0152
[   .00000] N NMAcofigurti fund   0.0000] king a deat [mem x000000000-x0000003fefff
  0.00000] DEDATA0)llcat [emx3ffb00-3ffeffff]
[  0000000kvclck: Usg rs4b56d0an4b564d0    .000] kvm-oc: pu 0, sr:3fe700, imrycpclck
  0.000] m-lock: using sched ffet f 933702cyles
  0.000]loksur: vm-coc mk: 0xffffffffff mx_cycl: 1cd44db,max_idlens8859014 n
  0.0000 Ze ranes
[    .000000]  DMA     [mem 0x00000000000x00000000ffffff]
[    0.000000]   DMA32    [mem  0x000001000000-x000003ffff
[    0.00000] Normal   empty
   000000  vie emy
[   0.000] Mobl znestrt fo echnode
[   000000] Earl mmo node ans
[   0000]   nod  : mem x000000001000-x0000000009efff][   0.000]  node  0[mm 0x00000010000x000003feff]
[   0.0000]nitmem tu nod 0[me0x00000000100-0x00003ffeff]
[   0000] CP PTimer O rt 0x408[   0.000]IOAPC[: pi_id , rson 17, drss 0xfe00000,GS 03
[  0.0000 AI:NT_SROV(bus 0 bs_q  globl_q  dfldf
[   0.0000] PI: T_C_OV (s  bu_iq global_q  highlel)
[  000000]si ACP(MT)for P nfguratio ioratio
  0.0000]smboot: Alowng CPU 0otlug CPUs[   0.000]PM: gitered sa mmory:[m 0000000-0000fff]
  0.00000] PM:Reiseredose emy:me 0x009000x000ff]
[  .000] : egted osav mmoy:[mem0x0a0000x0efff]
  0.00000 P Risterd sa memory: emx000f00x00fff][    0000] e0:me 0x4000-0xfffff] vailaleorCI devce
[  0.0000Bootg ravituizd ereln VM
[   00000] losorcerened-jiffis:mask:0xfffffff max_cycles: 0xffffffff, max_idle_ns: 7645519600211568 ns
[    0.000000] setup_percpu: NR_CPUS:256 nr_cpumask_bits:256 nr_cpu_ids:2 nr_node_ids:1
[    0.000000] PECPU:Emdd 33 agespu@ffff8803f000 s9808 81 d286810576
[  00000]  qinlok shtableenie 256 (rd: , 40 bes
[   00000] Bil1 onelstinNoderd, mobiitgrupinon Ttal ag: 5791
[   0.0000] olic zone: DMA32
[    0.0000] Kernl mmd line: BOO_IGE/boovmnu-4.038enericro=LEL=cudg-oot rconsole=y1cosolett0[    0.000]PID has tle etrs:096 (ode 3 327 bes)  0.00000]emry: 048K1048120Kavaiable (04kernelcode, 183K rda, 39K daa, 1480 it,1292K s,3652K esrv, 0K a-serv)    0000 SLUB: HWalign=6, de0-3,Mibjcts= Cs=2, Noes
    0.000]Hierchal RU plentatio.    0000] 	Buil-te djustmntf eaf no to 64.[   00000	RCU rtrtingPUfrm R_US56 tor_u_ds2.[   0.00] CU: Adjstg eometryforc_fanoule=6, nr_cpid=2
[    0.0000] R_IRQS160 r_ir:4 1
[    0.00] Console: colour VA+0x
[    0000] nse tty1 ebld
[    0.000000] nse ttyS0]enle
[    0.000000] tsc: Detected 2793.532 MHz processor
[   22.545991] Calibrating delay loop (skipped) preset value.. 5587.06 BogoMIPS (lpj=11174128)
[   22.711304] pid_max: default: 32768 minimum: 301
[   22.812138] ACPI: Core revision 20150930
[   22.891998] ACPI: 2 ACPI AML tables successfully acquired and loaded
[   22.936761] Security Framework initialized
[   23.004564] Yama: becoming mindful.
[   23.079673] AppArmor: AppArmor initialized
[   23.140309] Dentry cache hash table entries: 131072 (order: 8, 1048576 bytes)
[   23.300511] Inode-cache hash table entries: 65536 (order: 7, 524288 bytes)
[   23.417304] Mount-cache hash table entries: 2048 (order: 2, 16384 bytes)
[   23.490588] Mountpoint-cache hash table entries: 2048 (order: 2, 16384 bytes)
[   23.664955] Initializing cgroup subsys io
[   23.741210] Initializing cgroup subsys memory
[   23.789341] Initializing cgroup subsys devices
[   23.888283] Initializing cgroup subsys freezer
[   23.960787] Initializing cgroup subsys net_cls
[   24.048814] Initializing cgroup subsys perf_event
[   24.132294] Initializing cgroup subsys net_prio
[   24.231120] Initializing cgroup subsys hugetlb
[   24.304522] Initializing cgroup subsys pids
[   24.369739] CPU: Physical Processor ID: 0
[   24.456816] CPU: Processor Core ID: 0
[   24.505150] mce: CPU supports 0 MCE banks
[   24.572596] Last level iTLB entries: 4KB 1024, 2MB 1024, 4MB 1024
[   24.693288] Last level dTLB entries: 4KB 1024, 2MB 1024, 4MB 1024, 1GB 4
[   24.815784] Freeing SMP alternatives memory: 32K (ffffffff820b4000 - ffffffff820bc000)
[   24.990139] ftrace: allocating 32006 entries in 126 pages
[   25.120070] smpboot: Max logical packages: 1
[   25.208831] smpboot: APIC(0) Converting physical 0 to logical package 0
[   25.344599] ..TIMER: vector=0x30 apic1=0 pin1=2 apic2=-1 pin2=-1
[   25.587957] smpboot: CPU0: Intel(R) Core(TM) i7-4980HQ CPU @ 2.80GHz (family: 0x6, model: 0x46, stepping: 0x1)
[   25.721086] Performance Events: unsupported p6 CPU model 70 no PMU driver, software events only.
[   25.905086] KVM setup paravirtual spinlock
[   25.973841] x86: Booting SMP configuration:
[   26.052545] .... node  #0, CPUs:      #1
[   26.142467] kvm-clock: cpu 1, msr 0:3ffe7041, secondary cpu clock
[   26.246699] mce: CPU supports 0 MCE banks
[   26.300624] x86: Booted up 1 node, 2 CPUs
[   26.313683] smpboot: Total of 2 processors activated (11174.12 BogoMIPS)
[   26.354678] devtmpfs: initialized
[   26.385836] evm: security.selinux
[   26.418023] evm: security.SMACK64
[   26.444905] evm: security.SMACK64EXEC
[   26.473606] evm: security.SMACK64TRANSMUTE
[   26.491676] evm: security.SMACK64MMAP
[   26.504415] evm: security.ima
[   26.517926] evm: security.capability
[   26.533902] clocksource: jiffies: mask: 0xffffffff max_cycles: 0xffffffff, max_idle_ns: 7645041785100000 ns
[   26.562211] pinctrl core: initialized pinctrl subsystem
[   26.586275] RTC time: 14:51:52, date: 10/07/16
[   26.607964] NET: Registered protocol family 16
[   26.632550] cpuidle: using governor ladder
[   26.656127] cpuidle: using governor menu
[   26.677793] PCCT header not found.
[   26.688715] ACPI: bus type PCI registered
[   26.713014] acpiphp: ACPI Hot Plug PCI Controller Driver version: 0.5
[   26.764969] PCI: Using configuration type 1 for base access
[   26.853532] ACPI: Added _OSI(Module Device)
[   26.912524] ACPI: Added _OSI(Processor Device)
[   26.965116] ACPI: Added _OSI(3.0 _SCP Extensions)
[   27.011857] ACPI: Added _OSI(Processor Aggregator Device)
[   27.081584] ACPI: Executed 1 blocks of module-level executable AML code
[   27.143784] ACPI: Interpreter enabled
[   27.196676] ACPI Exception: AE_NOT_FOUND, While evaluating Sleep State [\_S1_] (20150930/hwxface-580)
[   27.336994] ACPI Exception: AE_NOT_FOUND, While evaluating Sleep State [\_S2_] (20150930/hwxface-580)
[   27.440463] ACPI Exception: AE_NOT_FOUND, While evaluating Sleep State [\_S3_] (20150930/hwxface-580)
[   27.548977] ACPI Exception: AE_NOT_FOUND, While evaluating Sleep State [\_S4_] (20150930/hwxface-580)
[   27.651635] ACPI: (supports S0 S5)
[   27.697611] ACPI: Using IOAPIC for interrupt routing
[   27.717995] PCI: Using host bridge windows from ACPI; if necessary, use "pci=nocrs" and report a bug
[   27.805612] ACPI: PCI Root Bridge [PCI0] (domain 0000 [bus 00-ff])
[   27.833407] acpi PNP0A03:00: _OSC: OS supports [ASPM ClockPM Segments MSI]
[   27.841460] acpi PNP0A03:00: _OSC failed (AE_NOT_FOUND); disabling ASPM
[   27.906199] acpi PNP0A03:00: fail to add MMCONFIG information, can't access extended PCI configuration space under this bridge.
[   28.028469] PCI host bridge to bus 0000:00
[   28.048953] pci_bus 0000:00: root bus resource [io  0x0000-0x0cf7 window]
[   28.049943] pci_bus 0000:00: root bus resource [io  0x0d00-0xffff window]
[   28.101684] pci_bus 0000:00: root bus resource [mem 0x000a0000-0x000bffff window]
[   28.206232] pci_bus 0000:00: root bus resource [mem 0x40000000-0xffdfffff window]
[   28.334867] pci_bus 0000:00: root bus resource [bus 00-ff]
[   28.363958] pci 0000:00:01.1: legacy IDE quirk: reg 0x10: [io  0x01f0-0x01f7]
[   28.433294] pci 0000:00:01.1: legacy IDE quirk: reg 0x14: [io  0x03f6]
[   28.437735] pci 0000:00:01.1: legacy IDE quirk: reg 0x18: [io  0x0170-0x0177]
[   28.453084] pci 0000:00:01.1: legacy IDE quirk: reg 0x1c: [io  0x0376]
[   28.477853] ACPI: PCI Interrupt Link [LNKA] (IRQs 5 9 10 11) *0, disabled.
[   28.601365] ACPI: PCI Interrupt Link [LNKB] (IRQs 5 9 10 *11)
[   28.697013] ACPI: PCI Interrupt Link [LNKC] (IRQs 5 9 *10 11)
[   28.774769] ACPI: PCI Interrupt Link [LNKD] (IRQs 5 *9 10 11)
[   28.838005] ACPI: Enabled 2 GPEs in block 00 to 07
[   28.878064] vgaarb: setting as boot device: PCI:0000:00:02.0
[   28.922774] vgaarb: device added: PCI:0000:00:02.0,decodes=io+mem,owns=io+mem,locks=none
[   28.981343] vgaarb: loaded
[   29.045341] vgaarb: bridge control possible 0000:00:02.0
[   29.155043] SCSI subsystem initialized
[   29.237388] ACPI: bus type USB registered
[   29.290597] usbcore: registered new interface driver usbfs
[   29.385275] usbcore: registered new interface driver hub
[   29.482364] usbcore: registered new device driver usb
[   29.543160] PCI: Using ACPI for IRQ routing
[   29.601138] NetLabel: Initializing
[   29.654136] NetLabel:  domain hash size = 128
[   29.705639] NetLabel:  protocols = UNLABELED CIPSOv4
[   29.797518] NetLabel:  unlabeled traffic allowed by default
[   29.901414] amd_nb: Cannot enumerate AMD northbridges
[   29.985812] clocksource: Switched to clocksource kvm-clock
[   30.040984] AppArmor: AppArmor Flestm abd  0.95] p:nPAC it  0.04] p:nPCP fnd devices
[   31.099572] clocksource: acpi_pm: mask: 0xffffff max_cycles: 0xffffff, max_idle_ns: 2085701024 ns
[   31.287526] NET: Registered protocol family 2
[   31.331179] TCP established hash table entries: 8192 (order: 4, 65536 bytes)
[   31.464143] TCP bind hash table entries: 8192 (order: 5, 131072 bytes)
[   31.576747] TCP: Hash tables configured (established 8192 bind 8192)
[   31.811240] UDP hash table entries: 512 (order: 2, 16384 bytes)
[   31.906704] UDP-Lite hash table entries: 512 (order: 2, 16384 bytes)
[   31.907685] NET: Registered protocol family 1
[   32.050205] pci 0000:00:00.0: Limiting direct PCI/PCI transfers
[   32.172223] pci 0000:00:01.0: Activating ISA DMA hang workarounds
[   32.188673] Trying to unpack rootfs image as initramfs...
[   33.269271] Freeing initrd memory: 8168K (ffff880036ffc000 - ffff8800377f6000)
[   33.298912] platform rtc_cmos: registered platform RTC device (no PNP device found)
[   33.496783] Scanning for low memory corruption every 60 seconds
[   33.719543] futex hash table entries: 512 (order: 3, 32768 bytes)
[   33.942046] audit: initializing netlink subsys (disabled)
[   34.075981] audit: type=2000 audit(1475851895.127:1): initialized
[   34.109064] Initialise system trusted keyring
[   34.186992] HugeTLB registered 2 MB page size, pre-allocated 0 pages
[   34.330193] tsc: Refined TSC clocksource calibration: 2794.932 MHz
[   34.360076] clocksource: tsc: mask: 0xffffffffffffffff max_cycles: 0x28498cf728a, max_idle_ns: 440795214019 ns
[   34.363447] zbud: loaded
[   34.386441] VFS: Disk quotas dquot_6.6.0
[   34.386478] VFS: Dquot-cache hash table entries: 512 (order 0, 4096 bytes)
[   34.386722] squashfs: version 4.0 (2009/01/31) Phillip Lougher
[   34.387037] fuse init (API version 7.23)
[   34.387161] Key type big_key registered
[   34.387197] Allocating IMA MOK and blacklist keyrings.
[   34.387459] Key type asymmetric registered
[   34.387464] Asymmetric key parser 'x509' registered
[   34.387492] Block layer SCSI generic (bsg) driver version 0.4 loaded (major 249)
[   34.387528] io scheduler noop registered
[   34.387530] io scheduler deadline regiseered (default)
[   34.387565] io scheduler cfq registered
[   34.387650] pci_hotplug: PCI Hot Plug PCI Core version: 0.5
[   34.387654] pciehp: PCI Express Hot Plug Controller Driver version: 0.4
[   34.387985] ACPI: AC Adapter [AC] (on-line)
[   34.388031] input: Power Button as /devices/LNXSYSTM:00/LNXPWRBN:00/input/input0
[   34.388033] ACPI: Power Button [PWRF]
[   34.388099] input: Sleep Button as /devices/LNXSYSTM:00/LNXSLPBN:00/input/input1
[   34.388100] ACPI: Sleep Button [SLPF]
[   34.388213] GHES: HEST is not enabled!
[   34.389224] ACPI: Battery Slot [BAT0] (battery present)
[   34.389281] Serial: 8250/16550 driver, 32 ports, IRQ sharing enabled
[   34.414846] 00:02: ttyS0 at I/O 0x3f8 (irq = 4, base_baud = 115200) is a 16550A
[   34.471174] Linux agpgart interface v0.103
[   34.618303] brd: module loaded
[   34.618852] loop: module loaded
[   34.619256] scsi host0: ata_piix
[   34.619312] scsi host1: ata_piix
[   34.619334] ata1: PATA max UDMA/33 cmd 0x1f0 ctl 0x3f6 bmdma 0xd000 irq 14
[   34.619334] ata2: PATA max UDMA/33 cmd 0x170 ctl 0x376 bmdma 0xd008 irq 15
[   34.619388] libphy: Fixed MDIO Bus: probed
[   34.619389] tun: Universal TUN/TAP device driver, 1.6
[   34.619389] tun: (C) 1999-2004 Max Krasnyansky <maxk@qualcomm.com>
[   34.619633] PPP generic driver version 2.4.2
[   34.619672] ehci_hcd: USB 2.0 'Enhanced' Host Controller (EHCI) Driver
[   34.619675] ehci-pci: EHCI PCI platform driver
[   34.619687] ehci-platform: EHCI generic platform driver
[   34.619692] ohci_hcd: USB 1.1 'Open' Host Controller (OHCI) Driver
[   34.619694] ohci-pci: OHCI PCI platform driver
[   34.619699] ohci-platform: OHCI generic platform driver
[   34.619704] uhci_hcd: USB Universal Host Controller Interface driver
[   34.619744] i8042: PNP: PS/2 Controller [PNP0303:PS2K,PNP0f03:PS2M] at 0x60,0x64 irq 1,12
[   34.620131] serio: i8042 KBD port at 0x60,0x64 irq 1
[   34.620133] serio: i8042 AUX port at 0x60,0x64 irq 12
[   34.620204] mousedev: PS/2 mouse device common for all mice
[   34.620419] input: AT Translated Set 2 keyboard as /devices/platform/i8042/serio0/input/input2
[   34.620676] rtc_cmos rtc_cmos: rtc core: registered rtc_cmos as rtc0
[   34.620721] rtc_cmos rtc_cmos: alarms up to one day, 114 bytes nvram
[   34.620726] i2c /dev entries driver
[   34.620769] device-mapper: uevent: version 1.0.3
[   34.620805] device-mapper: ioctl: 4.34.0-ioctl (2015-10-28) initialised: dm-devel@redhat.com
[   34.620821] ledtrig-cpu: registered to indicate activity on CPUs
[   34.621013] NET: Registered protocol family 10
[   34.621142] NET: Registered protocol family 17
[   34.621150] Key type dns_resolver registered
[   34.621250] microcode: CPU0 sig=0x40661, pf=0x40, revision=0x0
[   34.675987] microcode: CPU1 sig=0x40661, pf=0x00, revision=0x0
[   34.676063] microcode: Microcode Update Driver: v2.01 <tigran@aivazian.fsnet.co.uk>, Peter Oruba
[   34.676171] regiseered taskstats version 1
[   34.676180] Loading compiled-in X.509 certificates
[   34.676671] Loaded X.509 cert 'Build time autogenerated kernel key: 8b9fe5db9540517005e475afed63f7a6645227d6'
[   34.676692] zswap: loaded using pool lzo/zbud
[   34.678019] Key type trusted registered
[   34.679594] Key type encrypted registered
[   34.679598] AppArmor: AppArmor sha1 policy hashing enabled
[   34.679601] ima: No TPM chip found, activating TPM-bypass!
[   34.679618] evm: HMAC attrs: 0x1
[   34.679804]   Magic number: 4:374:889
[   34.707837] rtc_cmos rtc_cmos: setting system clock to 2016-10-07 14:52:00 UTC (1475851920)
[   34.707955] BIOS EDD facility v0.16 2004-Jun-25, 0 devices found
[   34.707956] EDD information not available.
[   40.592269] Freeing unused kernel memory: 1480K (ffffffff81f42000 - ffffffff820b4000)
[   42.012867] Write protecting the kernel read-only data: 14336k
[   42.050873] Freeing unused kernel memory: 1824K (ffff880001838000 - ffff880001a00000)
[   42.139625] Freeing unused kernel memory: 152K (ffff880001dda000 - ffff880001e00000)
Loading, please [   42.314824] random: systemd-udevd: uninitialized urandom read (16 bytes read, 5 bits of entropy available)
wait...
starting version 229
[   42.319034] random: udevadm: uninitialized urandom read (16 bytes read, 5 bits of entropy available)
[   42.319062] random: udevadm: uninitialized urandom read (16 bytes read, 5 bits of entropy available)
[   42.319149] random: udevadm: uninitialized urandom read (16 bytes read, 5 bits of entropy available)
[   42.319184] random: udevadm: uninitialized urandom read (16 bytes read, 5 bits of entropy available)
[   42.319214] random: udevadm: uninitialized urandom read (16 bytes read, 5 bits of entropy available)
[   42.319241] random: udevadm: uninitialized urandom read (16 bytes read, 5 bits of entropy available)
[   42.319270] random: udevadm: uninitialized urandom read (16 bytes read, 5 bits of entropy available)
[   42.319297] random: udevadm: uninitialized urandom read (16 bytes read, 5 bits of entropy available)
[   42.319326] random: udevadm: uninitialized urandom read (16 bytes read, 5 bits of entropy available)
[   43.554374] e1000: Intel(R) PRO/1000 Network Driver - version 7.3.21-k8-NAPI
[   43.557603] e1000: Copyright (c) 1999-2006 Intel Corporation.
[   43.599864] Fusion MPT base driver 3.04.20
[   43.608905] Copyright (c) 1999-2008 LSI Corporation
[   43.625161] Fusion MPT SPI Host driver 3.04.20
[   43.658753] AVX version of gcm_enc/dec engaged.
[   43.707130] AES CTR mode by8 optimization enabled
[   43.849751] input: ImExPS/2 Generic Explorer Mouse as /devices/platform/i8042/serio1/input/input4
[   43.977657] e1000 0000:00:03.0 eth0: (PCI:33MHz:32-bit) 02:48:0b:7c:0c:bf
[   44.126232] e1000 0000:00:03.0 eth0: Intel(R) PRO/1000 Network Connection
[   44.235845] e1000 0000:00:03.0 enp0s3: renamed from eth0
[   44.250670] mptbase: ioc0: Initiating bringup
[   44.318729] ioc0: LSI53C1030 A0: Capabilities={Initiator}
[   44.660909] scsi host2: ioc0: LSI53C1030 A0, FwRev=00000000h, Ports=1, MaxQ=256, IRQ=20
[   45.042466] scsi 2:0:0:0: Direct-Access     VBOX     HARDDISK         1.0  PQ: 0 ANSI: 5
[   45.302565] scsi target2:0:0: Beginning Domain Validation
[   45.316783] scsi target2:0:0: Domain Validation skipping write tests
[   45.328899] scsi target2:0:0: Ending Domain Validation
[   45.360666] scsi target2:0:0: asynchronous
[   45.480999] scsi 2:0:1:0: Direct-Access     VBOX     HARDDISK         1.0  PQ: 0 ANSI: 5
[   45.746810] scsi target2:0:1: Beginning Domain Validation
[   45.983668] scsi target2:0:1: Domain Validation skipping write tests
[   46.266460] scsi target2:0:1: Ending Domain Validation
[   46.346609] scsi target2:0:1: asynchronous
[   46.398937] sd 2:0:0:0: [sda] 20971520 512-byte logical blocks: (10.7 GB/10.0 GiB)
[   46.398970] sd 2:0:0:0: Attached scsi generic sg0 type 0
[   46.440013] sd 2:0:0:0: [sda] Write Protect is off
[   46.482803] sd 2:0:1:0: [sdb] 20480 512-byte logical blocks: (10.5 MB/10.0 MiB)
[   46.482823] sd 2:0:1:0: Attached scsi generic sg1 type 0
[   46.583343] sd 2:0:0:0: [sda] Incomplete mode parameter data
[   46.583596] sd 2:0:1:0: [sdb] Write Protect is off
[   46.583714] sd 2:0:1:0: [sdb] Incomplete mode parameter data
[   46.583715] sd 2:0:1:0: [sdb] Assuming drive cache: write through
[   46.722418] sd 2:0:1:0: [sdb] Attached SCSI disk
[   46.993859] floppy0: no floppy controllers found
[   46.993895] work still pending
[   47.499661] sd 2:0:0:0: [sda] Assuming drive cache: write through
[   47.523991]  sda: sda1
[   47.528988] sd 2:0:0:0: [sda] Attached SCSI disk
Begin: Loading e[   48.834783] md: linear personality registered for level -1
ssential drivers[   49.112610] md: multipath personality registered for level -4
 ... [   49.317509] md: raid0 personality registered for level 0
[   49.493578] md: raid1 personality registered for level 1
[   49.673843] raid6: sse2x1   gen() 11324 MB/s
[   49.753885] raid6: sse2x1   xor()  8631 MB/s
[   49.950890] raid6: sse2x2   gen() 14725 MB/s
[   50.146098] raid6: sse2x2   xor() 10120 MB/s
[   50.344986] raid6: sse2x4   gen() 17330 MB/s
[   50.550184] raid6: sse2x4   xor() 10850 MB/s
[   50.711266] raid6: using algorithm sse2x4 gen() 17330 MB/s
[   50.773458] raid6: .... xor() 10850 MB/s, rmw enabled
[   50.783372] raid6: using ssse3x2 recovery algorithm
[   50.797695] xor: automatically using best checksumming function:
[   50.929818]    avx       : 25683.000 MB/sec
[   51.008007] async_tx: api initialized (async)
[   51.158211] md: raid6 personality registered for level 6
[   51.247895] md: raid5 personality registered for level 5
[   51.346718] md: raid4 personality registered for level 4
[   51.375003] md: raid10 personality registered for level 10
done.
Begin: Running /scripts/init-premount ... done.
Begin: M[   51.474911] Btrfs loaded
ounting root file system ... Begin: Running /scripts/local-top ... done.
Begin: Running /scripts/local-premount ... Scanning for Btrfs filesystems
done.
Warning: fsck no[   51.546069] EXT4-fs (sda1): mounted filesystem with ordered data mode. Opts: (null)
t present, so skipping root file system
done.
Begin: Running /scripts/local-bottom ... done.
Begin: Running /scripts/init-bottom ... Warning: overlayroot: debug is busted
done.
[   517458sytemd[1]: systed 9 rning in system mode. (+PAM +AUDIT +SELINUX +IMA +APPARMOR +SMACK +SYSVINIT +UTMP +LIBCRYPTSETUP +GCRYPT +GNUTLS +ACL +XZ -LZ4 +SECCOMP +BLKID +ELFUTILS +KMOD -IDN)
[ 52813]ysmd]:etecediralatn ac.
[  2.4808]systemd[]:Detetearittu x6-.

Welcome to [1mUbuntu 16.04.1 LTS[0m!

[ 53717]syemd[1]: Set hstmeo buu>
[  5825991 ste[1]:Initialzing achin Ifr ranomenat.
[   54.3796] std[: Intaedraie /c/chne-id file.
[   54.996535] systemd[1]: Listening on Syslog Socket.
[[0;32m  OK  [0m] Listening on Syslog Socket.
[  55.5075syem1]Seuputou AbitraryExutleilFoat FleSystem Auomun Pin.
[[0;32m  OK  [0m] Set up automount Arbitrary Executab...ats File System Automount Point.
[   56770]ysem[1: ead li Ur d ssn ic
[[0;32m  OK  [0m] Created slice User and Session Slice.
[   6.583]ystemd1]Rehed target Encrypted Volumes.
[[0;32m  OK  [0m] Reached target Encrypted Volumes.
[ 571065syem1] Liseng  L2 lldaemon socke. [[0;32m  OK  [0m] Listening on LVM2 poll daemon socket.
[ 57.95469] systmd]:isening onLV mtataaen ocket.
[[0;32m  OK  [0m] Listening on LVM2 metadata daemon socket.
[   58.507180] systemd[1]: Listening on Journal Socket.
[[0;32m  OK  [0m] Listening on Journal Socket.
[ 585222 sted[]:Rechd targe Sp.
[[0;32m  OK  [0m] Reached target Swap.
[  594233] ystemd[1] Rchd tageUs an GupamLoup
[[0;32m  OK  [0m] Reached target User and Group Name Lookups.
[  59.526154] systemd[1]: Started Forward Password Requests to Wall Directory Watch.
[[0;32m  OK  [0m] Started Forward Password Requests to Wall Directory Watch.
[   59.555507] systemd[1]: Listening on Journal Audit Socket.
[[0;32m  OK  [0m] Listening on Journal Audit Socket.
[   59.557637] systemd[1]: Listening on /ev/inictCoatily mePie.
[[0;32m  OK  [0m] Listening on /dev/initctl Compatibility Named Pipe.
[   600500syem1]Lieng  uv rn Ske

[[0;32m  OK  [0m] Listening on udev Kernel Socket.
[ 60714]syem[1]: Listenig  uev Ctrol Soct.
[[0;32m  OK  [0m] Listening on udev Control Socket.
[ 61060]ysmd]:isnig n Devi-mpe even daemon FIFOs.
[[0;32m  OK  [0m] Listening on Device-mapper event daemon FIFOs.
[ 6191084]ystemd1]Crte sli SteSle.

[[0;32m  OK  [0m] Created slice System Slice.
[   62.454482] systemd[1]: Mounting Debug File System...
         Mounting Debug File System...
[   62.582430] systemd[1]: Starting Set console keymap...
         Starting Set console keymap...
[   62.718406] systemd[1]: Starting Uncomplicated firewall...
[   62.798344] random: nonblocking pool is initialized
         Starting Uncomplicated firewall...
[ 62.881] stem1]: acedart ic.
[[0;32m  OK  [0m] Reached target Slices.
[   63.341966] systemd[1]: Mounting POSIX Message Queue File System...
         Mounting POSIX Message Queue File System...
[   63.526177] systemd[1]: Mounting Huge Pages File System...
         Mounting Huge Pages File System...
[   63.898025] systemd[1]: Starting Create list of required static device nodes for the current kernel...
         Starting Create list of required st... nodes for the current kernel...
[   6.169 ste[1 Cat sceysm-rialx2dttsle.
[[0;32m  OK  [0m] Created slice system-serial\x2dgetty.slice.
[   64.877994] systemd[1]: Starting Nameserver information manager...
         Starting Nameserver information manager...
[   65.002698] systemd[1]: Starting Monitoring of LVM2 mirrors, snapshots etc. using dmeventd or progress polling...
         Starting Monitoring of LVM2 mirrors... dmeventd or progress polling...
[   65.282726] systemd[1]: Starting Load Kernel Modules...
         Starting Load Ke[   65.341360] Loading iSCSI transport class v2.0-870.
rnel Modules...[   65.519622] iscsi: registered transport (tcp)

[   65.660436] systemd[1]: Listening on Journal Socket (/dev/log).
[[0;32m  OK  [0m] Listening on [   65.924118] iscsi: registered transport (iser)
Journal Socket (/dev/log).
[   66.066112] systemd[1]: Starting Journal Service...
         Starting Journal Service...
[   66.166442] systemd[1]: Starting Remount Root and Kernel File Systems...
         [   66.303790] EXT4-fs (sda1): re-mounted. Opts: (null)
Starting Remount Root and Kernel File Systems...
[  64626] systemd]: ouedeb Fle System
[[0;32m  OK  [0m] Mounted Debug File System.
[ 66826] systemd[1]Mote POSIX esgeuee FileSyem

[[0;32m  OK  [0m] Mounted POSIX Message Queue File System.
[ 677400] syte[1 Mnt Hge Pages FleSyem
[[0;32m  OK  [0m] Mounted Huge Pages File System.
[ 68677]ysemd[1]:Strted Journal Serce

[[0;32m  OK  [0m] Started Journal Service.
[[0;32m  OK  [0m] Started Set console keymap.
[[0;32m  OK  [0m] Started Uncomplicated firewall.
[[0;32m  OK  [0m] Started Create list of required sta...ce nodes for the current kernel.
[[0;32m  OK  [0m] Started Load Kernel Modules.
[[0;32m  OK  [0m] Started Remount Root and Kernel File Systems.
[[0;32m  OK  [0m] Started Nameserver information manager.
[[0;32m  OK  [0m] Started LVM2 metadata daemon.
         Starting Load/Save Random Seed...
         Starting udev Coldplug all Devices...
         Mounting FUSE Control File System...
         Starting Apply Kernel Variables...
         Starting Create Static Device Nodes in /dev...
         Starting Flush Journal to Persistent Storage...
[[0;32m  OK  [0m] Mounted FUSE Control File System.
[[0;32m  OK  [0m] Started Load/Save Random Seed.
[[0;32m  OK  [0m] Started Apply Kernel Variables.
[[0;32m  OK  [0m] Started Create Static Device Nodes in /dev.
[[0;32m  OK  [0m] Started udev Coldplug all Devices.
[[0;32m  OK  [0m] Started Monitoring of LVM2 mirrors,...ng dmeventd or progress polling.
[[0;32m  OK  [0m] Started Flush Journal to Persistent Storage.
         Starting udev Kernel Device Manager...
[[0;32m  OK  [0m] Started udev Kernel Device Manager.
[[0;32m  OK  [0m] Reached target Local File Systems (Pre).
[[0;32m  OK  [0m] Reached target Local File Systems.
         Starting Run snappy firstboot setup...
         Starting Tell Plymouth To Write Out Runtime Data...
         Starting Create Volatile Files and Directories...
         Starting LSB: AppArmor initialization...
         Starting Commit a transient machine-id on disk...
         Starting Set console font and keymap...
         Starting Initial cloud-init job (pre-networking)...
[[0;32m  OK  [0m] Started Dispatch Password Requests to Console Directory Watch.
[[0;32m  OK  [0m] Started Run snappy firstboot setup.
[[0;32m  OK  [0m] Started Tell Plymouth To Write Out Runtime Data.
[[0;32m  OK  [0m] Started Create Volatile Files and Directories.
[[0;32m  OK  [0m] Started Commit a transient machine-id on disk.
[[0;32m  OK  [0m] Started Set console font and keymap.
[[0;32m  OK  [0m] Found device /dev/ttyS0.
[[0;32m  OK  [0m] Listening on Load/Save RF Kill Switch Status /dev/rfkill Watch.
[[0;32m  OK  [0m] Created slice system-getty.slice.
         Starting Update UTMP about System Boot/Shutdown...
[[0;32m  OK  [0m] Reached target System Time Synchronized.
[[0;32m  OK  [0m] Started Update UTMP about System Boot/Shutdown.
[   41.642144] cloud-init[681]: Cloud-init v. 0.7.8 running 'init-local' at Fri, 07 Oct 2016 14:52:36 +0000. Up 41.34 seconds.
[[0;32m  OK  [0m] Started LSB: AppArmor initialization.
[[0;32m  OK  [0m] Started Initial cloud-init job (pre-networking).
[[0;32m  OK  [0m] Reached target Network (Pre).
         Starting Raise network interfaces...
[[0;32m  OK  [0m] Reached target System Initialization.
[[0;32m  OK  [0m] Listening on UUID daemon activation socket.
[[0;32m  OK  [0m] Listening on D-Bus System Message Bus Socket.
[[0;32m  OK  [0m] Started ACPI Events Check.
         Starting LXD - unix socket.
         Starting Socket activation for snappy daemon.
[[0;32m  OK  [0m] Started Timer to automatically refresh installed snaps.
[[0;32m  OK  [0m] Listening on ACPID Listen Socket.
[[0;32m  OK  [0m] Started Daily apt activities.
[[0;32m  OK  [0m] Started Daily Cleanup of Temporary Directories.
[[0;32m  OK  [0m] Reached target Timers.
[[0;32m  OK  [0m] Started Trigger resolvconf update for networkd DNS.
[[0;32m  OK  [0m] Reached target Paths.
[[0;32m  OK  [0m] Listening on LXD - unix socket.
[[0;32m  OK  [0m] Listening on Socket activation for snappy daemon.
[[0;32m  OK  [0m] Reached target Sockets.
[[0;32m  OK  [0m] Reached target Basic System.
         Starting LSB: MD monitoring daemon...
[[0;32m  OK  [0m] Started ACPI event daemon.
         Starting System Logging Service...
[[0;32m  OK  [0m] Started D-Bus System Message Bus.
[[0;32m  OK  [0m] Started FUSE filesystem for LXC.
         Starting LSB: Record successful boot for GRUB...
         Starting LXD - container startup/shutdown...
         Starting Login Service...
[[0;32m  OK  [0m] Started Regular background program processing daemon.
         Starting Accounts Service...
[[0;32m  OK  [0m] Started Snappy daemon.
[[0;32m  OK  [0m] Started Deferred execution scheduler.
[[0;32m  OK  [0m] Started System Logging Service.
[[0;32m  OK  [0m] Started LSB: MD monitoring daemon.
[[0;32m  OK  [0m] Started LXD - container startup/shutdown.
[[0;32m  OK  [0m] Started LSB: Record successful boot for GRUB.
[[0;32m  OK  [0m] Started Login Service.
         Starting Authenticate and Authorize Users to Run Privileged Tasks...
[[0;32m  OK  [0m] Started Authenticate and Authorize Users to Run Privileged Tasks.
[[0;32m  OK  [0m] Started Accounts Service.
[[0;32m  OK  [0m] Started Raise network interfaces.
         Starting Initial cloud-init job (metadata service crawler)...
[[0;32m  OK  [0m] Reached target Network.
[   44.377202] cloud-init[996]: Cloud-init v. 0.7.8 running 'init' at Fri, 07 Oct 2016 14:52:39 +0000. Up 44.00 seconds.
[   44.477037] cloud-init[996]: ci-info: ++++++++++++++++++++++++++++++++++++Net device info+++++++++++++++++++++++++++++++++++++
[   44.477286] cloud-init[996]: ci-info: +--------+------+--------------------------+---------------+-------+-------------------+
[[0;32m  OK  [0m] Started Initial cloud-init job (metadata service crawler).
[   44.477420] cloud-init[996]: ci-info: | Device |  Up  |         Address          |      Mask     | Scope |     Hw-Address    |
[[   44.791564] cloud-init[996]: ci-info: +--------+------+--------------------------+---------------+-------+-------------------+
[   44.791942] cloud-init[996]: ci-info: |   lo   | True |        127.0.0.1         |   255.0.0.0   |   .   |         .         |
[   44.792172] cloud-init[996]: ci-info: |   lo   | True |         ::1/128          |       .       |  host |         .         |
[   44.792280] cloud-init[996]: ci-info: | enp0s3 | True |        10.0.2.15         | 255.255.255.0 |   .   | 02:48:0b:7c:0c:bf |
[   44.792399] cloud-init[996]: ci-info: | enp0s3 | True | fe80::48:bff:fe7c:cbf/64 |       .       |  link | 02:48:0b:7c:0c:bf |
[   44.792510] cloud-init[996]: ci-info: +--------+------+--------------------------+---------------+-------+-------------------+
[   44.792623] cloud-init[996]: ci-info: +++++++++++++++++++++++++++Route IPv4 info++++++++++++++++++++++++++++
[   44.792737] cloud-init[996]: ci-info: +-------+-------------+----------+---------------+-----------+-------+
[   44.792852] cloud-init[996]: ci-info: | Route | Destination | Gateway  |    Genmask    | Interface | Flags |
[   44.792972] cloud-init[996]: ci-info: +-------+-------------+----------+---------------+-----------+-------+
[   44.793082] cloud-init[996]: ci-info: |   0   |   0.0.0.0   | 10.0.2.2 |    0.0.0.0    |   enp0s3  |   UG  |
[   44.793195] cloud-init[996]: ci-info: |   1   |   10.0.2.0  | 0.0.0.0  | 255.255.255.0 |   enp0s3  |   U   |
[   44.793311] cloud-init[996]: ci-info: +-------+-------------+----------+---------------+-----------+-------+
[   44.793424] cloud-init[996]: Generating public/private rsa key pair.
[   44.793541] cloud-init[996]: Your identification has been saved in /etc/ssh/ssh_host_rsa_key.
[   44.793782] cloud-init[996]: Your public key has been saved in /etc/ssh/ssh_host_rsa_key.pub.
[   44.793890] cloud-init[996]: The key fingerprint is:
[   44.794003] cloud-init[996]: SHA256:jr/lllT0HlyTcYNDjI7/NS5WXXl2uYQwmkAffMzsCFA root@ubuntu-xenial
[   44.794117] cloud-init[996]: The key's randomart image is:
[   44.794231] cloud-init[996]: +---[RSA 2048]----+
[   44.794347] cloud-init[996]: |     .+E..+ +..o+|
[   44.794468] cloud-init[996]: |       o...O.+ o+|
[0;32m  OK  [0m] Reached target Cloud-config availability.
[   44.794491] cloud-init[996]: |        o.O.ooo.+|
[[   46.084819] cloud-init[996]: |         = o..++=|
[   46.085278] cloud-init[996]: |        S .. ..o*|
[0;32m  OK  [0m] Reached target Network is Online.
[   46.085367] cloud-init[996]: |       o  ..  .=.|
[   46.188304] cloud-init[996]: |      . ..... + .|
[   46.188576] cloud-init[996]: |       . oo  + . |
         Starting /etc/rc.local Compatibility...
[   46.188688] cloud-init[996]: |        oo. . .  |
[   46.316374] cloud-init[996]: +----[SHA256]-----+
         Starting Pollinate to seed the pseudo random number generator...
[   46.316761] cloud-init[996]: Generating public/private dsa key pair.
[   46.380328] cloud-init[996]: Your identification has been saved in /etc/ssh/ssh_host_dsa_key.
[   46.380626] cloud-init[996]: Your public key has been saved in /etc/ssh/ssh_host_dsa_key.pub.
         Starting Apply the settings specified in cloud-config...
[   46.380746] cloud-init[996]: The key fingerprint is:
[   46.528502] cloud-init[996]: SHA256:jUJad5gk09+25GW+qagrkqAlcxa0zo9Wh+ZYi0rlBcw root@ubuntu-xenial
[   46.528723] cloud-init[996]: The key's randomart image is:
         Starting iSCSI initiator daemon (iscsid)...
[   46.528827] cloud-init[996]: +---[DSA 1024]----+
[[   46.688433] cloud-init[996]: |      o..        |
[   46.688904] cloud-init[996]: |  +    +.o       |
[0;32m  OK  [0m] Started /etc/rc.local Compatibility.
[   46.689104] cloud-init[996]: | . E  o +...     |
[   46.799459] cloud-init[996]: |  o .+ . +. + o  |
[   46.814038] cloud-init[996]: | o o.o. S .+ =   |
[   46.814309] cloud-init[996]: |o X * ..    o .  |
[   46.814417] cloud-init[996]: | O % +         o |
[   46.814530] cloud-init[996]: |o = * .    .  o  |
[   46.814647] cloud-init[996]: |.o   . .oo. ..   |
[   46.814762] cloud-init[996]: +----[SHA256]-----+
[   46.814882] cloud-init[996]: Generating public/private ecdsa key pair.
[   46.814996] cloud-init[996]: Your identification has been saved in /etc/ssh/ssh_host_ecdsa_key.
[   46.815112] cloud-init[996]: Your public key has been saved in /etc/ssh/ssh_host_ecdsa_key.pub.
[   46.815262] cloud-init[996]: The key fingerprint is:
[   46.815366] cloud-init[996]: SHA256:GHBIfqINHCP2g3koVpF6YXwwv6En5Yb2sKdqI7pYmkw root@ubuntu-xenial
[[0;32m  OK  [0m] Started iSCSI initiator daemon (iscsid).
[   46.815573] cloud-init[996]: The key's randomart image is:
[   47.093888] cloud-init[996]: +---[ECDSA 256]---+
[   47.094151] cloud-init[996]: |..+**..          |
         Starting Login to default iSCSI targets...
[   47.094294] cloud-init[996]: |.o*O++           |
[   47.188917] cloud-init[996]: |.==+=+o          |
[   47.193754] cloud-init[996]: |o..=*ooo         |
[   47.228696] cloud-init[996]: |  o*.=. S        |
[   47.228956] cloud-init[996]: |  . B            |
[[0;32m  OK  [0m] Started Login to default iSCSI targets.
[   47.229117] cloud-init[996]: | E.. o           |
[   47.336552] cloud-init[996]: |=*  o            |
[   47.336798] cloud-init[996]: |X+o.             |
[[0;32m  OK  [0m] Reached target Remote File Systems (Pre).
[[   47.336891] cloud-init[996]: +----[SHA256]-----+
[   47.436664] cloud-init[996]: Generating public/private ed25519 key pair.
[0;32m  OK  [0m] Reached target Remote File Systems.
[   47.436775] cloud-init[996]: Your identification has been saved in /etc/ssh/ssh_host_ed25519_key.
[   47.588462] cloud-init[996]: Your public key has been saved in /etc/ssh/ssh_host_ed25519_key.pub.
         Starting LSB: automatic crash report generation...
[   47.588712] cloud-init[996]: The key fingerprint is:
         Starting LSB: Set the CPU Frequency Scaling governor to "ondemand"...
[   47.727671] cloud-init[996]: SHA256:NjH0/R+mDyQSggKgrMYthOoOMF6eH7xgd4bvActocE0 root@ubuntu-xenial
[   47.816661] cloud-init[996]: The key's randomart image is:
         Starting LSB: VirtualBox Linux Additions...
[   47.852240] cloud-init[996]: +--[ED25519 256]--+
[   47.900263] cloud-init[996]: |o.      .        |
[   47.928042] cloud-init[996]: |+ .   .. . .     |
         Starting Permit User Sessions...
[   47.956219] cloud-init[996]: |oo . E .o.. .    |
         Starting LSB: daemon to balance interrupts for SMP systems...
[[0;32m  OK  [0m] Started Permit User Sessions.
[   48.014934] cloud-init[996]: |= . +   .o.  .   |
[   48.148353] cloud-init[996]: |== + o  S. . ..o |
[[0;32m  OK  [0m] Started LSB: Set the CPU Frequency Scaling governor to "ondemand".
[[0;32m  OK  [0m] Started LSB: automatic crash report generation.
[   48.175750] cloud-init[996]: |=.* = +. .. o o..|
[   48.254306] cloud-init[996]: |.o B B +     o  .|
[   48.257937] cloud-init[996]: |o o + * .     o  |
[   48.265163] cloud-init[996]: | .   o.o       . |
[   48.316520] cloud-init[996]: +----[SHA256]-----+
[[0;32m  OK  [0m] Stopped OpenBSD Secure Shell server.
[   48.318380] cloud-init[1104]: Generating locales (this might take a while)...
[   48.388475] cloud-init[1104]:   en_US.UTF-8... done
[   48.388643] cloud-init[1104]: Generation complete.
         Starting OpenBSD Secure Shell server...
         Starting Hold until boot process finishes up...
         Starting Terminate Plymouth Boot Screen...
[[0;32m  OK  [0m] Started OpenBSD Secure Shell server.
[[0;32m  OK  [0m] Started LSB: VirtualBox Linux Additions.
[[0;32m  OK  [0m] Started LSB: daemon to balance interrupts for SMP systems.
[[0;32m  OK  [0m] Started Hold until boot process finishes up.
[[0;32m  OK  [0m] Started Terminate Plymouth Boot Screen.
[[0;32m  OK  [0m] Created slice User Slice of ubuntu.
         Starting User Manager for UID 1000...
[[0;32m  OK  [0m] Started Session 1 of user ubuntu.
         Starting Set console scheme...
[[0;32m  OK  [0m] Started Getty on tty1.
[   48.904365] cloud-init[1104]: Cloud-init v. 0.7.8 running 'modules:config' at Fri, 07 Oct 2016 14:52:41 +0000. Up 46.66 seconds.
[[0;32m  OK  [0m] Started Serial Getty on ttyS0.
[[0;32m  OK  [0m] Reached target Login Prompts.
[[0;32m  OK  [0m] Started User Manager for UID 1000.
[[0;32m  OK  [0m] Started Pollinate to seed the pseudo random number generator.
[[0;32m  OK  [0m] Started Apply the settings specified in cloud-config.
[[0;32m  OK  [0m] Started Set console scheme.
[[0;32m  OK  [0m] Reached target Multi-User System.
         Starting Execute cloud user/final scripts...
[[0;32m  OK  [0m] Reached target Graphical Interface.
         Starting Update UTMP about System Runlevel Changes...
         Starting Notify bootloader that boot was successful...
ci-info: no authorized ssh keys fingerprints found for user ubuntu.
[[0;32m  OK  [0m] Started Notify bootloader that boot was successful.
<14>Oct  7 14:52:44 ec2: 
<14>Oct  7 14:52:44 ec2: #############################################################
<14>Oct  7 14:52:44 ec2: -----BEGIN SSH HOST KEY FINGERPRINTS-----
<14>Oct  7 14:52:44 ec2: 1024 SHA256:jUJad5gk09+25GW+qagrkqAlcxa0zo9Wh+ZYi0rlBcw root@ubuntu-xenial (DSA)
<14>Oct  7 14:52:44 ec2: 256 SHA256:GHBIfqINHCP2g3koVpF6YXwwv6En5Yb2sKdqI7pYmkw root@ubuntu-xenial (ECDSA)
<14>Oct  7 14:52:44 ec2: 256 SHA256:NjH0/R+mDyQSggKgrMYthOoOMF6eH7xgd4bvActocE0 root@ubuntu-xenial (ED25519)
<14>Oct  7 14:52:44 ec2: 2048 SHA256:jr/lllT0HlyTcYNDjI7/NS5WXXl2uYQwmkAffMzsCFA root@ubuntu-xenial (RSA)
<14>Oct  7 14:52:44 ec2: -----END SSH HOST KEY FINGERPRINTS-----
<14>Oct  7 14:52:44 ec2: #############################################################
-----BEGIN SSH HOST KEY KEYS-----
ecdsa-sha2-nistp256 AAAAE2VjZHNhLXNoYTItbmlzdHAyNTYAAAAIbmlzdHAyNTYAAABBBNIKrfP3NA++jPfTQ9dKQN0XCwDkf2ENAB5wrWZ5XCLSdTcY1b3mXNKahDjZkovrJr9aXkIewAnV5wGNunafbSc= root@ubuntu-xenial
ssh-ed25519 AAAAC3NzaC1lZDI1NTE5AAAAIGe9RP0hYTCOLqB8JgMJMluAmlt+Cwmjf7TLaizxERg7 root@ubuntu-xenial
ssh-rsa AAAAB3NzaC1yc2EAAAADAQABAAABAQCq1TLinN5SdBaeDuRmYpDnds5vfVhaJbLPS9ufqC7DU20HSirDK6/8ZekcngHtgN7hH3HkJx1tsFkjVInip/7KJcSvv0CuFFykvH5c1WF3ItOclqckyMoV9wze/5HCI80F05wIAMRt1NIn0zeBU4fYCT0w/yrrvdS0JKdg4TbT+r1a3d+Ehm/iRU3ag/U+WRrwGBuDQfBx3PDx1uPOfxjEQqDKd4Zn/4OSxRORo2OpCa7jQC6VixfCAT6nxjIo79NxYuM00pubz43EVvdw9FxzlyYdYKXfsMbEXRPNOu7vaOF7XxRTi1+dgoEALzPgTFZ98YkzKtMqIMxkjrQcrvkz root@ubuntu-xenial
-----END SSH HOST KEY KEYS-----
[[0;32m  OK  [0m] Started Update UTMP about System Runlevel Changes.
[   50.544275] cloud-init[1296]: Cloud-init v. 0.7.8 running 'modules:final' at Fri, 07 Oct 2016 14:52:44 +0000. Up 49.51 seconds.
[   50.672318] cloud-init[1296]: ci-info: no authorized ssh keys fingerprints found for user ubuntu.
[   50.732523] cloud-init[1296]: Cloud-init v. 0.7.8 finished at Fri, 07 Oct 2016 14:52:45 +0000. Datasource DataSourceNoCloud [seed=/dev/sdb][dsmode=net].  Up 50.53 seconds
[[0;32m  OK  [0m] Started Execute cloud user/final scripts.
[[0;32m  OK  [0m] Started Session 2 of user ubuntu.
[[0;32m  OK  [0m] Reached target Cloud-init target.

Ubuntu 16.04.1 LTS ubuntu-xenial ttyS0

ubuntu-xenial login: 